[backblue.gif]
[fade.gif]
[index.html]
[cplusplus.com/ico/16new.png]
[cplusplus.com/ico/16edit.png]
[cplusplus.com/img/cpp-logo.png]
[cplusplus.com/img/waitblue.gif]
[pagead2.googlesyndication.com/pagead/show_ads.js]
[cplusplus.com/img/iostream.gif]
[www.google-analytics.com/urchin.js]
[cplusplus.com/reference/iostream/index.html]
[cplusplus.com/img/cpp-headerbg.png]
[cplusplus.com/img/cpp-contbg.png]
[cplusplus.com/img/blue.gif]
[cplusplus.com/ico/cpp11.png]
[cplusplus.com/ico/bg728blue.png]
[cplusplus.com/ico/button75x20.png]
[cplusplus.com/ico/button100x20.png]
[cplusplus.com/ico/button75x20off.png]
[cplusplus.com/ico/button100x20off.png]
[cplusplus.com/main29g.css]
[cplusplus.com/ico/progress.gif]
[cplusplus.com/ico/16delete.png]
[cplusplus.com/ico/16tag.png]
[cplusplus.com/ico/16docnew.png]
[cplusplus.com/ico/16envelopesend.png]
[cplusplus.com/ico/16recycle.png]
[cplusplus.com/ico/16docok.png]
[cplusplus.com/ico/16doccancel.png]
[cplusplus.com/ico/16mailno.png]
[cplusplus.com/ico/16bookmarkno.png]
[cplusplus.com/ico/forum_solved.png]
[cplusplus.com/ico/16postreply.png]
[cplusplus.com/ico/16stamp.png]
[cplusplus.com/ico/16reported.png]
[cplusplus.com/ico/16report.png]
[cplusplus.com/main29f.js]
[cplusplus.com/reference/iostream/manipulators/index.html]
[cplusplus.com/img/arrow.gif]
[cplusplus.com/reference/iostream/filebuf/index.html]
[cplusplus.com/reference/iostream/fstream/index.html]
[cplusplus.com/reference/iostream/ifstream/index.html]
[cplusplus.com/reference/iostream/ios/index.html]
[cplusplus.com/reference/iostream/iostream/index.html]
[cplusplus.com/reference/iostream/ios_base/index.html]
[cplusplus.com/reference/iostream/istream/index.html]
[cplusplus.com/reference/iostream/istringstream/index.html]
[cplusplus.com/reference/iostream/ofstream/index.html]
[cplusplus.com/reference/iostream/ostream/index.html]
[cplusplus.com/reference/iostream/ostringstream/index.html]
[cplusplus.com/reference/iostream/streambuf/index.html]
[cplusplus.com/reference/iostream/stringbuf/index.html]
[cplusplus.com/reference/iostream/stringstream/index.html]
[cplusplus.com/reference/iostream/cerr/index.html]
[cplusplus.com/reference/iostream/cin/index.html]
[cplusplus.com/reference/iostream/clog/index.html]
[cplusplus.com/reference/iostream/cout/index.html]
[cplusplus.com/reference/iostream/fpos/index.html]
[cplusplus.com/reference/iostream/streamoff/index.html]
[cplusplus.com/reference/iostream/streampos/index.html]
[cplusplus.com/reference/iostream/streamsize/index.html]
[cplusplus.com/reference/iostream/manipulators/boolalpha/index.html]
[cplusplus.com/reference/iostream/manipulators/dec/index.html]
[cplusplus.com/reference/iostream/manipulators/endl/index.html]
[cplusplus.com/reference/iostream/manipulators/ends/index.html]
[cplusplus.com/reference/iostream/manipulators/fixed/index.html]
[cplusplus.com/reference/iostream/manipulators/flush/index.html]
[cplusplus.com/reference/iostream/manipulators/hex/index.html]
[cplusplus.com/reference/iostream/manipulators/internal/index.html]
[cplusplus.com/reference/iostream/manipulators/left/index.html]
[cplusplus.com/reference/iostream/manipulators/noboolalpha/index.html]
[cplusplus.com/reference/iostream/manipulators/noshowbase/index.html]
[cplusplus.com/reference/iostream/manipulators/noshowpoint/index.html]
[cplusplus.com/reference/iostream/manipulators/noshowpos/index.html]
[cplusplus.com/reference/iostream/manipulators/noskipws/index.html]
[cplusplus.com/reference/iostream/manipulators/nounitbuf/index.html]
[cplusplus.com/reference/iostream/manipulators/nouppercase/index.html]
[cplusplus.com/reference/iostream/manipulators/oct/index.html]
[cplusplus.com/reference/iostream/manipulators/resetiosflags/index.html]
[cplusplus.com/reference/iostream/manipulators/right/index.html]
[cplusplus.com/reference/iostream/manipulators/scientific/index.html]
[cplusplus.com/reference/iostream/manipulators/setbase/index.html]
[cplusplus.com/reference/iostream/manipulators/setfill/index.html]
[cplusplus.com/reference/iostream/manipulators/setiosflags/index.html]
[cplusplus.com/reference/iostream/manipulators/setprecision/index.html]
[cplusplus.com/reference/iostream/manipulators/setw/index.html]
[cplusplus.com/reference/iostream/manipulators/showbase/index.html]
[cplusplus.com/reference/iostream/manipulators/showpoint/index.html]
[cplusplus.com/reference/iostream/manipulators/showpos/index.html]
[cplusplus.com/reference/iostream/manipulators/skipws/index.html]
[cplusplus.com/reference/iostream/manipulators/unitbuf/index.html]
[cplusplus.com/reference/iostream/manipulators/uppercase/index.html]
[cplusplus.com/reference/iostream/manipulators/ws/index.html]
[cplusplus.com/ico/treevline.html]
[cplusplus.com/ico/login_google.png]
[cplusplus.com/ico/login_yahoo.png]
[cplusplus.com/user/access.html]
[cplusplus.com/ico/16user.png]
[cplusplus.com/user/index.html]
[cplusplus.com/user/pm.html]
[cplusplus.com/reference/iostream/account.html]
[cplusplus.com/reference/iostream/profile.html]
[cplusplus.com/reference/iostream/pm.html]
[cplusplus.com/reference/iostream/admin.html]
[cplusplus.com/reference/iostream/signup.html]
[cplusplus.com/reference/iostream/lostpass.html]
[cplusplus.com/reference/iostream/filebuf/filebuf/index.html]
[cplusplus.com/reference/iostream/filebuf/_filebuf/index.html]
[cplusplus.com/reference/iostream/filebuf/close/index.html]
[cplusplus.com/reference/iostream/filebuf/is_open/index.html]
[cplusplus.com/reference/iostream/filebuf/open/index.html]
[cplusplus.com/reference/iostream/filebuf/imbue/index.html]
[cplusplus.com/reference/iostream/filebuf/overflow/index.html]
[cplusplus.com/reference/iostream/filebuf/pbackfail/index.html]
[cplusplus.com/reference/iostream/filebuf/seekoff/index.html]
[cplusplus.com/reference/iostream/filebuf/seekpos/index.html]
[cplusplus.com/reference/iostream/filebuf/setbuf/index.html]
[cplusplus.com/reference/iostream/filebuf/showmanyc/index.html]
[cplusplus.com/reference/iostream/filebuf/sync/index.html]
[cplusplus.com/reference/iostream/filebuf/uflow/index.html]
[cplusplus.com/reference/iostream/filebuf/underflow/index.html]
[cplusplus.com/reference/iostream/streambuf/getloc/index.html]
[cplusplus.com/reference/iostream/streambuf/in_avail/index.html]
[cplusplus.com/reference/iostream/streambuf/pubimbue/index.html]
[cplusplus.com/reference/iostream/streambuf/pubseekoff/index.html]
[cplusplus.com/reference/iostream/streambuf/pubseekpos/index.html]
[cplusplus.com/reference/iostream/streambuf/pubsetbuf/index.html]
[cplusplus.com/reference/iostream/streambuf/pubsync/index.html]
[cplusplus.com/reference/iostream/streambuf/sbumpc/index.html]
[cplusplus.com/reference/iostream/streambuf/sgetc/index.html]
[cplusplus.com/reference/iostream/streambuf/sgetn/index.html]
[cplusplus.com/reference/iostream/streambuf/snextc/index.html]
[cplusplus.com/reference/iostream/streambuf/sputbackc/index.html]
[cplusplus.com/reference/iostream/streambuf/sputc/index.html]
[cplusplus.com/reference/iostream/streambuf/sputn/index.html]
[cplusplus.com/reference/iostream/fstream/fstream/index.html]
[cplusplus.com/reference/iostream/fstream/close/index.html]
[cplusplus.com/reference/iostream/fstream/is_open/index.html]
[cplusplus.com/reference/iostream/fstream/open/index.html]
[cplusplus.com/reference/iostream/fstream/rdbuf/index.html]
[cplusplus.com/reference/iostream/istream/operator__/index.html]
[cplusplus.com/reference/iostream/istream/gcount/index.html]
[cplusplus.com/reference/iostream/istream/get/index.html]
[cplusplus.com/reference/iostream/istream/getline/index.html]
[cplusplus.com/reference/iostream/istream/ignore/index.html]
[cplusplus.com/reference/iostream/istream/peek/index.html]
[cplusplus.com/reference/iostream/istream/read/index.html]
[cplusplus.com/reference/iostream/istream/readsome/index.html]
[cplusplus.com/reference/iostream/istream/putback/index.html]
[cplusplus.com/reference/iostream/istream/unget/index.html]
[cplusplus.com/reference/iostream/istream/tellg/index.html]
[cplusplus.com/reference/iostream/istream/seekg/index.html]
[cplusplus.com/reference/iostream/istream/sync/index.html]
[cplusplus.com/reference/iostream/istream/sentry/index.html]
[cplusplus.com/reference/iostream/ostream/operator__/index.html]
[cplusplus.com/reference/iostream/ostream/put/index.html]
[cplusplus.com/reference/iostream/ostream/write/index.html]
[cplusplus.com/reference/iostream/ostream/tellp/index.html]
[cplusplus.com/reference/iostream/ostream/seekp/index.html]
[cplusplus.com/reference/iostream/ostream/flush/index.html]
[cplusplus.com/reference/iostream/ostream/sentry/index.html]
[cplusplus.com/reference/iostream/ios/good/index.html]
[cplusplus.com/reference/iostream/ios/eof/index.html]
[cplusplus.com/reference/iostream/ios/fail/index.html]
[cplusplus.com/reference/iostream/ios/bad/index.html]
[cplusplus.com/reference/iostream/ios/operatornot/index.html]
[cplusplus.com/reference/iostream/ios/operator_voidpt/index.html]
[cplusplus.com/reference/iostream/ios/rdstate/index.html]
[cplusplus.com/reference/iostream/ios/setstate/index.html]
[cplusplus.com/reference/iostream/ios/clear/index.html]
[cplusplus.com/reference/iostream/ios/copyfmt/index.html]
[cplusplus.com/reference/iostream/ios/fill/index.html]
[cplusplus.com/reference/iostream/ios/exceptions/index.html]
[cplusplus.com/reference/iostream/ios/imbue/index.html]
[cplusplus.com/reference/iostream/ios/tie/index.html]
[cplusplus.com/reference/iostream/ios/narrow/index.html]
[cplusplus.com/reference/iostream/ios/widen/index.html]
[cplusplus.com/reference/iostream/ios_base/flags/index.html]
[cplusplus.com/reference/iostream/ios_base/setf/index.html]
[cplusplus.com/reference/iostream/ios_base/unsetf/index.html]
[cplusplus.com/reference/iostream/ios_base/precision/index.html]
[cplusplus.com/reference/iostream/ios_base/width/index.html]
[cplusplus.com/reference/iostream/ios_base/imbue/index.html]
[cplusplus.com/reference/iostream/ios_base/getloc/index.html]
[cplusplus.com/reference/iostream/ios_base/xalloc/index.html]
[cplusplus.com/reference/iostream/ios_base/iword/index.html]
[cplusplus.com/reference/iostream/ios_base/pword/index.html]
[cplusplus.com/reference/iostream/ios_base/register_callback/index.html]
[cplusplus.com/reference/iostream/ios_base/sync_with_stdio/index.html]
[cplusplus.com/reference/iostream/ifstream/ifstream/index.html]
[cplusplus.com/reference/iostream/ifstream/close/index.html]
[cplusplus.com/reference/iostream/ifstream/is_open/index.html]
[cplusplus.com/reference/iostream/ifstream/open/index.html]
[cplusplus.com/reference/iostream/ifstream/rdbuf/index.html]
[cplusplus.com/reference/iostream/ios/ios/index.html]
[cplusplus.com/reference/iostream/ios/_ios/index.html]
[cplusplus.com/reference/iostream/ios/init/index.html]
[cplusplus.com/reference/iostream/ios/rdbuf/index.html]
[cplusplus.com/reference/iostream/iostream/iostream/index.html]
[cplusplus.com/reference/iostream/iostream/_iostream/index.html]
[cplusplus.com/reference/iostream/ios_base/ios_base/index.html]
[cplusplus.com/reference/iostream/ios_base/_ios_base/index.html]
[cplusplus.com/reference/iostream/ios_base/failure/index.html]
[cplusplus.com/reference/iostream/ios_base/Init/index.html]
[cplusplus.com/reference/iostream/ios_base/event/index.html]
[cplusplus.com/reference/iostream/ios_base/event_callback/index.html]
[cplusplus.com/reference/iostream/ios_base/fmtflags/index.html]
[cplusplus.com/reference/iostream/ios_base/iostate/index.html]
[cplusplus.com/reference/iostream/ios_base/openmode/index.html]
[cplusplus.com/reference/iostream/ios_base/seekdir/index.html]
[cplusplus.com/reference/iostream/istream/istream/index.html]
[cplusplus.com/reference/iostream/istream/_istream/index.html]
[cplusplus.com/reference/iostream/istringstream/istringstream/index.html]
[cplusplus.com/reference/iostream/istringstream/rdbuf/index.html]
[cplusplus.com/reference/iostream/istringstream/str/index.html]
[cplusplus.com/reference/iostream/ofstream/ofstream/index.html]
[cplusplus.com/reference/iostream/ofstream/close/index.html]
[cplusplus.com/reference/iostream/ofstream/is_open/index.html]
[cplusplus.com/reference/iostream/ofstream/open/index.html]
[cplusplus.com/reference/iostream/ofstream/rdbuf/index.html]
[cplusplus.com/reference/iostream/ostream/ostream/index.html]
[cplusplus.com/reference/iostream/ostream/_ostream/index.html]
[cplusplus.com/reference/iostream/ostringstream/ostringstream/index.html]
[cplusplus.com/reference/iostream/ostringstream/rdbuf/index.html]
[cplusplus.com/reference/iostream/ostringstream/str/index.html]
[cplusplus.com/reference/iostream/streambuf/streambuf/index.html]
[cplusplus.com/reference/iostream/streambuf/_streambuf/index.html]
[cplusplus.com/reference/iostream/streambuf/sungetc/index.html]
[cplusplus.com/reference/iostream/streambuf/eback/index.html]
[cplusplus.com/reference/iostream/streambuf/egptr/index.html]
[cplusplus.com/reference/iostream/streambuf/epptr/index.html]
[cplusplus.com/reference/iostream/streambuf/gbump/index.html]
[cplusplus.com/reference/iostream/streambuf/gptr/index.html]
[cplusplus.com/reference/iostream/streambuf/pbase/index.html]
[cplusplus.com/reference/iostream/streambuf/pbump/index.html]
[cplusplus.com/reference/iostream/streambuf/pptr/index.html]
[cplusplus.com/reference/iostream/streambuf/setg/index.html]
[cplusplus.com/reference/iostream/streambuf/setp/index.html]
[cplusplus.com/reference/iostream/streambuf/imbue/index.html]
[cplusplus.com/reference/iostream/streambuf/overflow/index.html]
[cplusplus.com/reference/iostream/streambuf/pbackfail/index.html]
[cplusplus.com/reference/iostream/streambuf/seekoff/index.html]
[cplusplus.com/reference/iostream/streambuf/seekpos/index.html]
[cplusplus.com/reference/iostream/streambuf/setbuf/index.html]
[cplusplus.com/reference/iostream/streambuf/showmanyc/index.html]
[cplusplus.com/reference/iostream/streambuf/sync/index.html]
[cplusplus.com/reference/iostream/streambuf/uflow/index.html]
[cplusplus.com/reference/iostream/streambuf/underflow/index.html]
[cplusplus.com/reference/iostream/streambuf/xsgetn/index.html]
[cplusplus.com/reference/iostream/streambuf/xsputn/index.html]
[cplusplus.com/reference/iostream/stringbuf/stringbuf/index.html]
[cplusplus.com/reference/iostream/stringbuf/str/index.html]
[cplusplus.com/reference/iostream/stringbuf/overflow/index.html]
[cplusplus.com/reference/iostream/stringbuf/pbackfail/index.html]
[cplusplus.com/reference/iostream/stringbuf/seekoff/index.html]
[cplusplus.com/reference/iostream/stringbuf/seekpos/index.html]
[cplusplus.com/reference/iostream/stringbuf/setbuf/index.html]
[cplusplus.com/reference/iostream/stringbuf/underflow/index.html]
[cplusplus.com/reference/iostream/stringstream/stringstream/index.html]
[cplusplus.com/reference/iostream/stringstream/rdbuf/index.html]
[cplusplus.com/reference/iostream/stringstream/str/index.html]
[cplusplus.com/user/access96f0.html]
[cplusplus.com/user/accessba9d.html]
[cplusplus.com/user/accessf8b5.html]
[cplusplus.com/user/access0ed3.html]
